// Jest Snapshot v1, https://goo.gl/fbAQLP

exports[`babel-inject spec 1`] = `
"import _MometaEmptyPlaceholder from \\"empty\\";
const arr = new Array(100).fill(1);
const elem = <div __mometa={{
  \\"start\\": {
    \\"line\\": 3,
    \\"column\\": 17
  },
  \\"end\\": {
    \\"line\\": 15,
    \\"column\\": 10
  },
  \\"filename\\": \\"/file.jsx\\",
  \\"name\\": \\"div\\",
  \\"text\\": \\"<div>\\\\n      <h1 title={'abc'}>Hello World</h1>\\\\n      <Tabs>\\\\n      <Tabs.TabPane key={'tool'} tab={'物料'}>\\\\n        <p>物料</p>\\\\n        {arr.map((x, i) => (\\\\n          <p key={i}>content_{i}</p>\\\\n        ))}\\\\n        <p className='empty'></p>\\\\n      </Tabs.TabPane>\\\\n      <Tabs.TabPane key={'attr'} tab={'属性'}></Tabs.TabPane>\\\\n      </Tabs>\\\\n    </div>\\",
  \\"relativeFilename\\": \\"file.jsx\\",
  \\"emptyChildren\\": false,
  \\"isFirst\\": true,
  \\"hash\\": \\"4befa0f65fe3059492c7b6dafcd384fb8de0e683\\"
}}>
      <h1 title={'abc'} __mometa={{
    \\"start\\": {
      \\"line\\": 4,
      \\"column\\": 6
    },
    \\"end\\": {
      \\"line\\": 4,
      \\"column\\": 40
    },
    \\"filename\\": \\"/file.jsx\\",
    \\"name\\": \\"h1\\",
    \\"text\\": \\"<h1 title={'abc'}>Hello World</h1>\\",
    \\"relativeFilename\\": \\"file.jsx\\",
    \\"emptyChildren\\": false,
    \\"isFirst\\": false,
    \\"hash\\": \\"2518fed6850a221e52be5c27b71d629ef17066a1\\",
    \\"nextSibling\\": {
      \\"start\\": {
        \\"line\\": 5,
        \\"column\\": 6
      },
      \\"end\\": {
        \\"line\\": 14,
        \\"column\\": 13
      },
      \\"text\\": \\"<Tabs>\\\\n      <Tabs.TabPane key={'tool'} tab={'物料'}>\\\\n        <p>物料</p>\\\\n        {arr.map((x, i) => (\\\\n          <p key={i}>content_{i}</p>\\\\n        ))}\\\\n        <p className='empty'></p>\\\\n      </Tabs.TabPane>\\\\n      <Tabs.TabPane key={'attr'} tab={'属性'}></Tabs.TabPane>\\\\n      </Tabs>\\"
    }
  }}>Hello World</h1>
      <Tabs __mometa={{
    \\"start\\": {
      \\"line\\": 5,
      \\"column\\": 6
    },
    \\"end\\": {
      \\"line\\": 14,
      \\"column\\": 13
    },
    \\"filename\\": \\"/file.jsx\\",
    \\"name\\": \\"Tabs\\",
    \\"text\\": \\"<Tabs>\\\\n      <Tabs.TabPane key={'tool'} tab={'物料'}>\\\\n        <p>物料</p>\\\\n        {arr.map((x, i) => (\\\\n          <p key={i}>content_{i}</p>\\\\n        ))}\\\\n        <p className='empty'></p>\\\\n      </Tabs.TabPane>\\\\n      <Tabs.TabPane key={'attr'} tab={'属性'}></Tabs.TabPane>\\\\n      </Tabs>\\",
    \\"relativeFilename\\": \\"file.jsx\\",
    \\"emptyChildren\\": false,
    \\"isFirst\\": false,
    \\"hash\\": \\"bbc8bdc999c48ee6565aa27a073b8f2b50d6d683\\",
    \\"previousSibling\\": {
      \\"start\\": {
        \\"line\\": 4,
        \\"column\\": 6
      },
      \\"end\\": {
        \\"line\\": 4,
        \\"column\\": 40
      },
      \\"text\\": \\"<h1 title={'abc'}>Hello World</h1>\\"
    }
  }}>
      <Tabs.TabPane key={'tool'} tab={'物料'} __mometa={{
      \\"start\\": {
        \\"line\\": 6,
        \\"column\\": 6
      },
      \\"end\\": {
        \\"line\\": 12,
        \\"column\\": 21
      },
      \\"filename\\": \\"/file.jsx\\",
      \\"name\\": \\"Tabs.TabPane\\",
      \\"text\\": \\"<Tabs.TabPane key={'tool'} tab={'物料'}>\\\\n        <p>物料</p>\\\\n        {arr.map((x, i) => (\\\\n          <p key={i}>content_{i}</p>\\\\n        ))}\\\\n        <p className='empty'></p>\\\\n      </Tabs.TabPane>\\",
      \\"relativeFilename\\": \\"file.jsx\\",
      \\"emptyChildren\\": false,
      \\"isFirst\\": false,
      \\"hash\\": \\"5d70b0c59cf7fc01a3523cb74d9f393b4b513cca\\",
      \\"nextSibling\\": {
        \\"start\\": {
          \\"line\\": 13,
          \\"column\\": 6
        },
        \\"end\\": {
          \\"line\\": 13,
          \\"column\\": 59
        },
        \\"text\\": \\"<Tabs.TabPane key={'attr'} tab={'属性'}></Tabs.TabPane>\\"
      }
    }}>
        <p __mometa={{
        \\"start\\": {
          \\"line\\": 7,
          \\"column\\": 8
        },
        \\"end\\": {
          \\"line\\": 7,
          \\"column\\": 17
        },
        \\"filename\\": \\"/file.jsx\\",
        \\"name\\": \\"p\\",
        \\"text\\": \\"<p>物料</p>\\",
        \\"relativeFilename\\": \\"file.jsx\\",
        \\"emptyChildren\\": false,
        \\"isFirst\\": false,
        \\"hash\\": \\"b9fe00efba459265d80ba1729534518e2e0b6eb5\\",
        \\"nextSibling\\": {
          \\"start\\": {
            \\"line\\": 8,
            \\"column\\": 8
          },
          \\"end\\": {
            \\"line\\": 10,
            \\"column\\": 11
          },
          \\"text\\": \\"{arr.map((x, i) => (\\\\n          <p key={i}>content_{i}</p>\\\\n        ))}\\"
        }
      }}>物料</p>
        {arr.map((x, i) => <p key={i} __mometa={{
        \\"start\\": {
          \\"line\\": 9,
          \\"column\\": 10
        },
        \\"end\\": {
          \\"line\\": 9,
          \\"column\\": 36
        },
        \\"filename\\": \\"/file.jsx\\",
        \\"name\\": \\"p\\",
        \\"text\\": \\"<p key={i}>content_{i}</p>\\",
        \\"relativeFilename\\": \\"file.jsx\\",
        \\"emptyChildren\\": false,
        \\"isFirst\\": true,
        \\"hash\\": \\"3b56b508a94274b94a9748d33f2674dc416f782c\\",
        \\"container\\": {
          \\"isFirstElement\\": true,
          \\"text\\": \\"{arr.map((x, i) => (\\\\n          <p key={i}>content_{i}</p>\\\\n        ))}\\",
          \\"start\\": {
            \\"line\\": 8,
            \\"column\\": 8
          },
          \\"end\\": {
            \\"line\\": 10,
            \\"column\\": 11
          },
          \\"hash\\": \\"88fb79e91ad8da26c140fcfd786cf0a3814d727b\\"
        },
        \\"previousSibling\\": {
          \\"start\\": {
            \\"line\\": 7,
            \\"column\\": 8
          },
          \\"end\\": {
            \\"line\\": 7,
            \\"column\\": 17
          },
          \\"text\\": \\"<p>物料</p>\\"
        },
        \\"nextSibling\\": {
          \\"start\\": {
            \\"line\\": 11,
            \\"column\\": 8
          },
          \\"end\\": {
            \\"line\\": 11,
            \\"column\\": 33
          },
          \\"text\\": \\"<p className='empty'></p>\\"
        }
      }}>content_{i}</p>)}
        <p className='empty' __mometa={{
        \\"start\\": {
          \\"line\\": 11,
          \\"column\\": 8
        },
        \\"end\\": {
          \\"line\\": 11,
          \\"column\\": 33
        },
        \\"filename\\": \\"/file.jsx\\",
        \\"name\\": \\"p\\",
        \\"text\\": \\"<p className='empty'></p>\\",
        \\"relativeFilename\\": \\"file.jsx\\",
        \\"emptyChildren\\": true,
        \\"isFirst\\": false,
        \\"hash\\": \\"ae10d35536c4a0b630ae3db77ac799fadaac3d49\\",
        \\"previousSibling\\": {
          \\"start\\": {
            \\"line\\": 8,
            \\"column\\": 8
          },
          \\"end\\": {
            \\"line\\": 10,
            \\"column\\": 11
          },
          \\"text\\": \\"{arr.map((x, i) => (\\\\n          <p key={i}>content_{i}</p>\\\\n        ))}\\"
        }
      }}><_MometaEmptyPlaceholder __mometa={{
          \\"start\\": {
            \\"line\\": 11,
            \\"column\\": 8
          },
          \\"end\\": {
            \\"line\\": 11,
            \\"column\\": 33
          },
          \\"filename\\": \\"/file.jsx\\",
          \\"name\\": \\"p\\",
          \\"text\\": \\"<p className='empty'></p>\\",
          \\"relativeFilename\\": \\"file.jsx\\",
          \\"emptyChildren\\": true,
          \\"isFirst\\": false,
          \\"hash\\": \\"ae10d35536c4a0b630ae3db77ac799fadaac3d49\\",
          \\"previousSibling\\": {
            \\"start\\": {
              \\"line\\": 8,
              \\"column\\": 8
            },
            \\"end\\": {
              \\"line\\": 10,
              \\"column\\": 11
            },
            \\"text\\": \\"{arr.map((x, i) => (\\\\n          <p key={i}>content_{i}</p>\\\\n        ))}\\"
          }
        }} /></p>
      </Tabs.TabPane>
      <Tabs.TabPane key={'attr'} tab={'属性'} __mometa={{
      \\"start\\": {
        \\"line\\": 13,
        \\"column\\": 6
      },
      \\"end\\": {
        \\"line\\": 13,
        \\"column\\": 59
      },
      \\"filename\\": \\"/file.jsx\\",
      \\"name\\": \\"Tabs.TabPane\\",
      \\"text\\": \\"<Tabs.TabPane key={'attr'} tab={'属性'}></Tabs.TabPane>\\",
      \\"relativeFilename\\": \\"file.jsx\\",
      \\"emptyChildren\\": true,
      \\"isFirst\\": false,
      \\"hash\\": \\"4a87b1ec3553e6fa4a8badf0bde8e001c79ceae9\\",
      \\"previousSibling\\": {
        \\"start\\": {
          \\"line\\": 6,
          \\"column\\": 6
        },
        \\"end\\": {
          \\"line\\": 12,
          \\"column\\": 21
        },
        \\"text\\": \\"<Tabs.TabPane key={'tool'} tab={'物料'}>\\\\n        <p>物料</p>\\\\n        {arr.map((x, i) => (\\\\n          <p key={i}>content_{i}</p>\\\\n        ))}\\\\n        <p className='empty'></p>\\\\n      </Tabs.TabPane>\\"
      }
    }}><_MometaEmptyPlaceholder __mometa={{
        \\"start\\": {
          \\"line\\": 13,
          \\"column\\": 6
        },
        \\"end\\": {
          \\"line\\": 13,
          \\"column\\": 59
        },
        \\"filename\\": \\"/file.jsx\\",
        \\"name\\": \\"Tabs.TabPane\\",
        \\"text\\": \\"<Tabs.TabPane key={'attr'} tab={'属性'}></Tabs.TabPane>\\",
        \\"relativeFilename\\": \\"file.jsx\\",
        \\"emptyChildren\\": true,
        \\"isFirst\\": false,
        \\"hash\\": \\"4a87b1ec3553e6fa4a8badf0bde8e001c79ceae9\\",
        \\"previousSibling\\": {
          \\"start\\": {
            \\"line\\": 6,
            \\"column\\": 6
          },
          \\"end\\": {
            \\"line\\": 12,
            \\"column\\": 21
          },
          \\"text\\": \\"<Tabs.TabPane key={'tool'} tab={'物料'}>\\\\n        <p>物料</p>\\\\n        {arr.map((x, i) => (\\\\n          <p key={i}>content_{i}</p>\\\\n        ))}\\\\n        <p className='empty'></p>\\\\n      </Tabs.TabPane>\\"
        }
      }} /></Tabs.TabPane>
      </Tabs>
    </div>;"
`;
