// Jest Snapshot v1, https://goo.gl/fbAQLP

exports[`babel-react spec 1`] = `
"import _MometaEmptyPlaceholder from \\"empty\\";
const arr = new Array(100).fill(1);
const elem = <div __mometa={{
  \\"start\\": {
    \\"line\\": 3,
    \\"column\\": 17
  },
  \\"end\\": {
    \\"line\\": 15,
    \\"column\\": 10
  },
  \\"filename\\": \\"/file.jsx\\",
  \\"name\\": \\"div\\",
  \\"text\\": \\"<div>\\\\n      <h1 title={'abc'}>Hello World</h1>\\\\n      <Tabs>\\\\n      <Tabs.TabPane key={'tool'} tab={'物料'}>\\\\n        <p>物料</p>\\\\n        {arr.map((x, i) => (\\\\n          <p key={i}>content_{i}</p>\\\\n        ))}\\\\n        <p className='empty'></p>\\\\n      </Tabs.TabPane>\\\\n      <Tabs.TabPane key={'attr'} tab={'属性'}></Tabs.TabPane>\\\\n      </Tabs>\\\\n    </div>\\",
  \\"relativeFilename\\": \\"file.jsx\\",
  \\"emptyChildren\\": false,
  \\"isFirst\\": true,
  \\"selfClosed\\": false,
  \\"innerStart\\": {
    \\"line\\": 3,
    \\"column\\": 22
  },
  \\"innerEnd\\": {
    \\"line\\": 15,
    \\"column\\": 4
  },
  \\"hash\\": \\"7bf6e88c7e6f9077f6a89b5e7f7d5248b1e17ac2\\"
}}>
      <h1 title={'abc'} __mometa={{
    \\"start\\": {
      \\"line\\": 4,
      \\"column\\": 6
    },
    \\"end\\": {
      \\"line\\": 4,
      \\"column\\": 40
    },
    \\"filename\\": \\"/file.jsx\\",
    \\"name\\": \\"h1\\",
    \\"text\\": \\"<h1 title={'abc'}>Hello World</h1>\\",
    \\"relativeFilename\\": \\"file.jsx\\",
    \\"emptyChildren\\": false,
    \\"isFirst\\": false,
    \\"selfClosed\\": false,
    \\"innerStart\\": {
      \\"line\\": 4,
      \\"column\\": 24
    },
    \\"innerEnd\\": {
      \\"line\\": 4,
      \\"column\\": 35
    },
    \\"hash\\": \\"21cbb0b547925ade3cbcccaca98cda7197f34e45\\",
    \\"nextSibling\\": {
      \\"start\\": {
        \\"line\\": 5,
        \\"column\\": 6
      },
      \\"end\\": {
        \\"line\\": 14,
        \\"column\\": 13
      },
      \\"text\\": \\"<Tabs>\\\\n      <Tabs.TabPane key={'tool'} tab={'物料'}>\\\\n        <p>物料</p>\\\\n        {arr.map((x, i) => (\\\\n          <p key={i}>content_{i}</p>\\\\n        ))}\\\\n        <p className='empty'></p>\\\\n      </Tabs.TabPane>\\\\n      <Tabs.TabPane key={'attr'} tab={'属性'}></Tabs.TabPane>\\\\n      </Tabs>\\"
    }
  }}>Hello World</h1>
      <Tabs __mometa={{
    \\"start\\": {
      \\"line\\": 5,
      \\"column\\": 6
    },
    \\"end\\": {
      \\"line\\": 14,
      \\"column\\": 13
    },
    \\"filename\\": \\"/file.jsx\\",
    \\"name\\": \\"Tabs\\",
    \\"text\\": \\"<Tabs>\\\\n      <Tabs.TabPane key={'tool'} tab={'物料'}>\\\\n        <p>物料</p>\\\\n        {arr.map((x, i) => (\\\\n          <p key={i}>content_{i}</p>\\\\n        ))}\\\\n        <p className='empty'></p>\\\\n      </Tabs.TabPane>\\\\n      <Tabs.TabPane key={'attr'} tab={'属性'}></Tabs.TabPane>\\\\n      </Tabs>\\",
    \\"relativeFilename\\": \\"file.jsx\\",
    \\"emptyChildren\\": false,
    \\"isFirst\\": false,
    \\"selfClosed\\": false,
    \\"innerStart\\": {
      \\"line\\": 5,
      \\"column\\": 12
    },
    \\"innerEnd\\": {
      \\"line\\": 14,
      \\"column\\": 6
    },
    \\"hash\\": \\"e86049510e95d08136b97036150643fed91d895b\\",
    \\"previousSibling\\": {
      \\"start\\": {
        \\"line\\": 4,
        \\"column\\": 6
      },
      \\"end\\": {
        \\"line\\": 4,
        \\"column\\": 40
      },
      \\"text\\": \\"<h1 title={'abc'}>Hello World</h1>\\"
    }
  }}>
      <Tabs.TabPane key={'tool'} tab={'物料'} __mometa={{
      \\"start\\": {
        \\"line\\": 6,
        \\"column\\": 6
      },
      \\"end\\": {
        \\"line\\": 12,
        \\"column\\": 21
      },
      \\"filename\\": \\"/file.jsx\\",
      \\"name\\": \\"Tabs.TabPane\\",
      \\"text\\": \\"<Tabs.TabPane key={'tool'} tab={'物料'}>\\\\n        <p>物料</p>\\\\n        {arr.map((x, i) => (\\\\n          <p key={i}>content_{i}</p>\\\\n        ))}\\\\n        <p className='empty'></p>\\\\n      </Tabs.TabPane>\\",
      \\"relativeFilename\\": \\"file.jsx\\",
      \\"emptyChildren\\": false,
      \\"isFirst\\": false,
      \\"selfClosed\\": false,
      \\"innerStart\\": {
        \\"line\\": 6,
        \\"column\\": 44
      },
      \\"innerEnd\\": {
        \\"line\\": 12,
        \\"column\\": 6
      },
      \\"hash\\": \\"3135d703dfce53797e0fd0f25252f9920c75be90\\",
      \\"nextSibling\\": {
        \\"start\\": {
          \\"line\\": 13,
          \\"column\\": 6
        },
        \\"end\\": {
          \\"line\\": 13,
          \\"column\\": 59
        },
        \\"text\\": \\"<Tabs.TabPane key={'attr'} tab={'属性'}></Tabs.TabPane>\\"
      }
    }}>
        <p __mometa={{
        \\"start\\": {
          \\"line\\": 7,
          \\"column\\": 8
        },
        \\"end\\": {
          \\"line\\": 7,
          \\"column\\": 17
        },
        \\"filename\\": \\"/file.jsx\\",
        \\"name\\": \\"p\\",
        \\"text\\": \\"<p>物料</p>\\",
        \\"relativeFilename\\": \\"file.jsx\\",
        \\"emptyChildren\\": false,
        \\"isFirst\\": false,
        \\"selfClosed\\": false,
        \\"innerStart\\": {
          \\"line\\": 7,
          \\"column\\": 11
        },
        \\"innerEnd\\": {
          \\"line\\": 7,
          \\"column\\": 13
        },
        \\"hash\\": \\"6dddde0645f54e6d77d9e1c548970516414bb006\\",
        \\"nextSibling\\": {
          \\"start\\": {
            \\"line\\": 8,
            \\"column\\": 8
          },
          \\"end\\": {
            \\"line\\": 10,
            \\"column\\": 11
          },
          \\"text\\": \\"{arr.map((x, i) => (\\\\n          <p key={i}>content_{i}</p>\\\\n        ))}\\"
        }
      }}>物料</p>
        {arr.map((x, i) => <p key={i} __mometa={{
        \\"start\\": {
          \\"line\\": 9,
          \\"column\\": 10
        },
        \\"end\\": {
          \\"line\\": 9,
          \\"column\\": 36
        },
        \\"filename\\": \\"/file.jsx\\",
        \\"name\\": \\"p\\",
        \\"text\\": \\"<p key={i}>content_{i}</p>\\",
        \\"relativeFilename\\": \\"file.jsx\\",
        \\"emptyChildren\\": false,
        \\"isFirst\\": true,
        \\"selfClosed\\": false,
        \\"innerStart\\": {
          \\"line\\": 9,
          \\"column\\": 21
        },
        \\"innerEnd\\": {
          \\"line\\": 9,
          \\"column\\": 32
        },
        \\"hash\\": \\"9dc3339d64744708be63399e5ac2088f940b8489\\",
        \\"container\\": {
          \\"isFirstElement\\": true,
          \\"text\\": \\"{arr.map((x, i) => (\\\\n          <p key={i}>content_{i}</p>\\\\n        ))}\\",
          \\"start\\": {
            \\"line\\": 8,
            \\"column\\": 8
          },
          \\"end\\": {
            \\"line\\": 10,
            \\"column\\": 11
          },
          \\"hash\\": \\"88fb79e91ad8da26c140fcfd786cf0a3814d727b\\"
        },
        \\"previousSibling\\": {
          \\"start\\": {
            \\"line\\": 7,
            \\"column\\": 8
          },
          \\"end\\": {
            \\"line\\": 7,
            \\"column\\": 17
          },
          \\"text\\": \\"<p>物料</p>\\"
        },
        \\"nextSibling\\": {
          \\"start\\": {
            \\"line\\": 11,
            \\"column\\": 8
          },
          \\"end\\": {
            \\"line\\": 11,
            \\"column\\": 33
          },
          \\"text\\": \\"<p className='empty'></p>\\"
        }
      }}>content_{i}</p>)}
        <p className='empty' __mometa={{
        \\"start\\": {
          \\"line\\": 11,
          \\"column\\": 8
        },
        \\"end\\": {
          \\"line\\": 11,
          \\"column\\": 33
        },
        \\"filename\\": \\"/file.jsx\\",
        \\"name\\": \\"p\\",
        \\"text\\": \\"<p className='empty'></p>\\",
        \\"relativeFilename\\": \\"file.jsx\\",
        \\"emptyChildren\\": true,
        \\"isFirst\\": false,
        \\"selfClosed\\": false,
        \\"innerStart\\": {
          \\"line\\": 11,
          \\"column\\": 29
        },
        \\"innerEnd\\": {
          \\"line\\": 11,
          \\"column\\": 29
        },
        \\"hash\\": \\"a1a178e48be1fe4373543693edfbcc5d032cfe64\\",
        \\"previousSibling\\": {
          \\"start\\": {
            \\"line\\": 8,
            \\"column\\": 8
          },
          \\"end\\": {
            \\"line\\": 10,
            \\"column\\": 11
          },
          \\"text\\": \\"{arr.map((x, i) => (\\\\n          <p key={i}>content_{i}</p>\\\\n        ))}\\"
        }
      }}><_MometaEmptyPlaceholder __mometa={{
          \\"start\\": {
            \\"line\\": 11,
            \\"column\\": 8
          },
          \\"end\\": {
            \\"line\\": 11,
            \\"column\\": 33
          },
          \\"filename\\": \\"/file.jsx\\",
          \\"name\\": \\"p\\",
          \\"text\\": \\"<p className='empty'></p>\\",
          \\"relativeFilename\\": \\"file.jsx\\",
          \\"emptyChildren\\": true,
          \\"isFirst\\": false,
          \\"selfClosed\\": false,
          \\"innerStart\\": {
            \\"line\\": 11,
            \\"column\\": 29
          },
          \\"innerEnd\\": {
            \\"line\\": 11,
            \\"column\\": 29
          },
          \\"hash\\": \\"a1a178e48be1fe4373543693edfbcc5d032cfe64\\",
          \\"previousSibling\\": {
            \\"start\\": {
              \\"line\\": 8,
              \\"column\\": 8
            },
            \\"end\\": {
              \\"line\\": 10,
              \\"column\\": 11
            },
            \\"text\\": \\"{arr.map((x, i) => (\\\\n          <p key={i}>content_{i}</p>\\\\n        ))}\\"
          }
        }} /></p>
      </Tabs.TabPane>
      <Tabs.TabPane key={'attr'} tab={'属性'} __mometa={{
      \\"start\\": {
        \\"line\\": 13,
        \\"column\\": 6
      },
      \\"end\\": {
        \\"line\\": 13,
        \\"column\\": 59
      },
      \\"filename\\": \\"/file.jsx\\",
      \\"name\\": \\"Tabs.TabPane\\",
      \\"text\\": \\"<Tabs.TabPane key={'attr'} tab={'属性'}></Tabs.TabPane>\\",
      \\"relativeFilename\\": \\"file.jsx\\",
      \\"emptyChildren\\": true,
      \\"isFirst\\": false,
      \\"selfClosed\\": false,
      \\"innerStart\\": {
        \\"line\\": 13,
        \\"column\\": 44
      },
      \\"innerEnd\\": {
        \\"line\\": 13,
        \\"column\\": 44
      },
      \\"hash\\": \\"fa9b43638bd9ae99a432ba9524f8e9f50959272f\\",
      \\"previousSibling\\": {
        \\"start\\": {
          \\"line\\": 6,
          \\"column\\": 6
        },
        \\"end\\": {
          \\"line\\": 12,
          \\"column\\": 21
        },
        \\"text\\": \\"<Tabs.TabPane key={'tool'} tab={'物料'}>\\\\n        <p>物料</p>\\\\n        {arr.map((x, i) => (\\\\n          <p key={i}>content_{i}</p>\\\\n        ))}\\\\n        <p className='empty'></p>\\\\n      </Tabs.TabPane>\\"
      }
    }}><_MometaEmptyPlaceholder __mometa={{
        \\"start\\": {
          \\"line\\": 13,
          \\"column\\": 6
        },
        \\"end\\": {
          \\"line\\": 13,
          \\"column\\": 59
        },
        \\"filename\\": \\"/file.jsx\\",
        \\"name\\": \\"Tabs.TabPane\\",
        \\"text\\": \\"<Tabs.TabPane key={'attr'} tab={'属性'}></Tabs.TabPane>\\",
        \\"relativeFilename\\": \\"file.jsx\\",
        \\"emptyChildren\\": true,
        \\"isFirst\\": false,
        \\"selfClosed\\": false,
        \\"innerStart\\": {
          \\"line\\": 13,
          \\"column\\": 44
        },
        \\"innerEnd\\": {
          \\"line\\": 13,
          \\"column\\": 44
        },
        \\"hash\\": \\"fa9b43638bd9ae99a432ba9524f8e9f50959272f\\",
        \\"previousSibling\\": {
          \\"start\\": {
            \\"line\\": 6,
            \\"column\\": 6
          },
          \\"end\\": {
            \\"line\\": 12,
            \\"column\\": 21
          },
          \\"text\\": \\"<Tabs.TabPane key={'tool'} tab={'物料'}>\\\\n        <p>物料</p>\\\\n        {arr.map((x, i) => (\\\\n          <p key={i}>content_{i}</p>\\\\n        ))}\\\\n        <p className='empty'></p>\\\\n      </Tabs.TabPane>\\"
        }
      }} /></Tabs.TabPane>
      </Tabs>
    </div>;"
`;
