// Jest Snapshot v1, https://goo.gl/fbAQLP

exports[`fsHandler INSERT_NODE 1`] = `
"import React, { StrictMode } from 'react'
import Tabs from 'antd/es/tabs'
import 'antd/es/tabs/style/index.css'

type Props = {
  x: string
}

const array = new Array(100).fill(1)

export default function App(props: Props) {
  return (
    <div>
      <h1 title={'abc'}>Hello World</h1>
      <Tabs>
        <Tabs.TabPane key={'tool'} tab={'Áâ©Êñô'}>
          <p className=\\"empty\\"></p>
          <p className=\\"empty-2\\"></p>
          <p>ÂçïÁã¨ p</p>
          {array.map((x, i) => (
            <p key={i}>Áâ©Êñô__{i}</p>
          ))}
        </Tabs.TabPane>
        <Tabs.TabPane key={'attr'} tab={'Â±ûÊÄß'}></Tabs.TabPane>
      </Tabs>
    </div>
  )
}"
`;

exports[`fsHandler INSERT_NODE wrap 1`] = `
"import React, { StrictMode } from 'react'
import Tabs from 'antd/es/tabs'
import 'antd/es/tabs/style/index.css'

type Props = {
  x: string
}

const array = new Array(100).fill(1)

export default function App(props: Props) {
  return (
    <div>
      <h1 title={'abc'}>Hello World</h1>
      <Tabs>
        <Tabs.TabPane key={'tool'} tab={'Áâ©Êñô'}>
          <>
            <p className=\\"empty\\"></p>
            <p className=\\"empty-2\\"></p>
          </>
          <p>ÂçïÁã¨ p</p>
          {array.map((x, i) => (
            <p key={i}>Áâ©Êñô__{i}</p>
          ))}
        </Tabs.TabPane>
        <Tabs.TabPane key={'attr'} tab={'Â±ûÊÄß'}></Tabs.TabPane>
      </Tabs>
    </div>
  )
}"
`;

exports[`fsHandler INSERT_NODE wrap 2`] = `
"import React, { StrictMode } from 'react'
import Tabs from 'antd/es/tabs'
import 'antd/es/tabs/style/index.css'

type Props = {
  x: string
}

const array = new Array(100).fill(1)

export default function App(props: Props) {
  return (
    <div>
      <h1 title={'abc'}>Hello World</h1>
      <Tabs>
        <Tabs.TabPane key={'tool'} tab={'Áâ©Êñô'}>
          <>
            <p className=\\"empty-2\\"></p>
            <p className=\\"empty\\"></p>
          </>
          <p>ÂçïÁã¨ p</p>
          {array.map((x, i) => (
            <p key={i}>Áâ©Êñô__{i}</p>
          ))}
        </Tabs.TabPane>
        <Tabs.TabPane key={'attr'} tab={'Â±ûÊÄß'}></Tabs.TabPane>
      </Tabs>
    </div>
  )
}"
`;

exports[`fsHandler INSERT_NODE wrap 3`] = `
"import React, { StrictMode } from 'react'
import Tabs from 'antd/es/tabs'
import 'antd/es/tabs/style/index.css'

type Props = {
  x: string
}

const array = new Array(100).fill(1)

export default function App(props: Props) {
  return (
    <div>
      <h1 title={'abc'}>Hello World</h1>
      <Tabs>
        <Tabs.TabPane key={'tool'} tab={'Áâ©Êñô'}>
          <p className=\\"empty\\"></p>
          <>
            <p className=\\"empty-2\\"></p>
          </>
          <p>ÂçïÁã¨ p</p>
          {array.map((x, i) => (
            <p key={i}>Áâ©Êñô__{i}</p>
          ))}
        </Tabs.TabPane>
        <Tabs.TabPane key={'attr'} tab={'Â±ûÊÄß'}></Tabs.TabPane>
      </Tabs>
    </div>
  )
}"
`;

exports[`fsHandler MOVE_NODE 1`] = `
"import React, { StrictMode } from 'react'
import Tabs from 'antd/es/tabs'
import 'antd/es/tabs/style/index.css'

type Props = {
  x: string
}

const array = new Array(100).fill(1)

export default function App(props: Props) {
  return (
    <div>
      <h1 title={'abc'}>Hello World</h1>
      <Tabs>
        <Tabs.TabPane key={'tool'} tab={'Áâ©Êñô'}>
          <p>ÂçïÁã¨ p</p>
          <p className=\\"empty\\"></p>
          {array.map((x, i) => (
            <p key={i}>Áâ©Êñô__{i}</p>
          ))}
        </Tabs.TabPane>
        <Tabs.TabPane key={'attr'} tab={'Â±ûÊÄß'}></Tabs.TabPane>
      </Tabs>
    </div>
  )
}"
`;

exports[`fsHandler getAddMaterialOps fsHandler 1`] = `
"import React, { StrictMode } from 'react'
import Tabs from 'antd/es/tabs'
import 'antd/es/tabs/style/index.css'
import Antd from 'antd'
import { Button } from 'antd'
import 'antd/lib/button/style/css'
import 'antd/lib/button/style'

type Props = {
  x: string
}

const array = new Array(100).fill(1)

export default function App(props: Props) {
  return (
    <div>
      <h1 title={'abc'}>Hello World</h1>
      <Tabs>
        <Tabs.TabPane key={'tool'} tab={'Áâ©Êñô'}>
          <p className=\\"empty\\"></p>
          <>
            <>
              <Antd />
              <Button type=\\"default\\">ÊåâÈíÆ</Button>
            </>
          </>
          <p>ÂçïÁã¨ p</p>
          {array.map((x, i) => (
            <p key={i}>Áâ©Êñô__{i}</p>
          ))}
        </Tabs.TabPane>
        <Tabs.TabPane key={'attr'} tab={'Â±ûÊÄß'}></Tabs.TabPane>
      </Tabs>
    </div>
  )
}"
`;

exports[`fsHandler nest REPLACE_NODE 1`] = `
"import React, { StrictMode } from 'react'
import Tabs from 'antd/es/tabs'
import 'antd/es/tabs/style/index.css'

type Props = {}

const array = new Array(100).fill(1)

export default function App(props: Props) {
  return (
    <div>
      <h1 title={'abc'}>Hello Worldüëå</h1>
      <Tabs>
        <Tabs.TabPane key={'tool'} tab={'Áâ©Êñô'}>
          <p className=\\"empty\\"></p>
          <p>simple 66xxxxxasdasdas6</p>
          <p>
            nested 2<strong>hahahax</strong>
          </p>
          {array.map((x, i) => (
            <p key={i}>Áâ©Êñô_{i}</p>
          ))}
        </Tabs.TabPane>
        <Tabs.TabPane key={'attr'} tab={'Â±ûÊÄß'}></Tabs.TabPane>
      </Tabs>
    </div>
  )
}"
`;

exports[`fsHandler spec case DEL 1`] = `
"import React, { StrictMode } from 'react'
import Tabs from 'antd/es/tabs'
import 'antd/es/tabs/style/index.css'

type Props = {
  x: string
}

const array = new Array(100).fill(1)

export default function App(props: Props) {
  return (
    <div>
      <h1 title={'abc'}>Hello World</h1>
      <Tabs>
        <Tabs.TabPane key={'tool'} tab={'Áâ©Êñô'}>
          <p className=\\"empty\\"></p>
          {array.map((x, i) => (
            <p key={i}>Áâ©Êñô__{i}</p>
          ))}
        </Tabs.TabPane>
        <Tabs.TabPane key={'attr'} tab={'Â±ûÊÄß'}></Tabs.TabPane>
      </Tabs>
    </div>
  )
}"
`;

exports[`fsHandler spec case REPLACE_NODE 1`] = `
"import React, { StrictMode } from 'react'
import Tabs from 'antd/es/tabs'
import 'antd/es/tabs/style/index.css'

type Props = {
  x: string
}

const array = new Array(100).fill(1)

export default function App(props: Props) {
  return (
    <div>
      <h1 title={'abc'}>Hello World</h1>
      <Tabs>
        <Tabs.TabPane key={'tool'} tab={'Áâ©Êñô'}>
          <p className=\\"empty\\"></p>
          <span>ppp</span>
          {array.map((x, i) => (
            <p key={i}>Áâ©Êñô__{i}</p>
          ))}
        </Tabs.TabPane>
        <Tabs.TabPane key={'attr'} tab={'Â±ûÊÄß'}></Tabs.TabPane>
      </Tabs>
    </div>
  )
}"
`;
