// Jest Snapshot v1, https://goo.gl/fbAQLP

exports[`materialsGenerator spec case 1`] = `
Array [
  Object {
    "assetGroups": Array [
      Object {
        "key": "groups-a",
        "name": "groups-a",
      },
      Object {
        "assets": Array [],
        "key": "group-b",
        "name": "group-b",
      },
    ],
    "key": "a",
    "name": "a",
  },
]
`;
